// Jest Snapshot v1, https://goo.gl/fbAQLP

exports[` It should render component 1`] = `
Object {
  "asFragment": [Function],
  "baseElement": <body>
    <div>
      <section
        class="hero is-fullheight is-default"
      >
        <div
          class="hero-head head-mobile"
        >
          <nav
            class="navbar"
          >
            <div
              class="container"
            >
              <div
                class="navbar-end navbar-end-force"
              >
                <a
                  class="navbar-item navbar-item-drop"
                >
                  <div
                    class="columns drop-zone"
                  >
                    <div
                      class="column drop-content"
                      id="rohza-text"
                    >
                      Drop
                    </div>
                    <div
                      class="column drop-content drop-content-end"
                      id="rohza-text"
                    >
                      Zone
                    </div>
                  </div>
                </a>
              </div>
            </div>
          </nav>
        </div>
        <div
          class="hero-body"
        >
          <div
            class="container has-text-centered"
          >
            <div
              class="columns is-vcentered"
            >
              <div
                class="column is-5"
              />
              <div
                class="column is-6 is-offset-1"
              >
                <h1
                  class="title is-2"
                  id="title-roboto"
                >
                  LEEZY BOOST 103
                </h1>
                <div
                  class="container clock-container"
                >
                  <div
                    class="clock-column"
                  >
                    <div
                      class="clock-count"
                    >
                      <p
                        class="clock-day clock-timer"
                      >
                        1
                      </p>
                      <p
                        class="clock-day clock-timer"
                      >
                        3
                      </p>
                    </div>
                    <p
                      class="clock-label"
                    >
                      Days
                    </p>
                  </div>
                  <div
                    class="clock-column"
                  >
                    <div
                      class="clock-count"
                    >
                      <p
                        class="clock-hours clock-timer"
                      >
                        0
                      </p>
                      <p
                        class="clock-hours clock-timer"
                      >
                        8
                      </p>
                    </div>
                    <p
                      class="clock-label"
                    >
                      Hours
                    </p>
                  </div>
                  <div
                    class="clock-column"
                  >
                    <div
                      class="clock-count"
                    >
                      <p
                        class="clock-minutes clock-timer"
                      >
                        1
                      </p>
                      <p
                        class="clock-minutes clock-timer"
                      >
                        2
                      </p>
                    </div>
                    <p
                      class="clock-label"
                    >
                      Mins
                    </p>
                  </div>
                  <div
                    class="clock-column"
                  >
                    <div
                      class="clock-count"
                    >
                      <p
                        class="clock-seconds clock-timer"
                      >
                        0
                      </p>
                      <p
                        class="clock-seconds clock-timer"
                      >
                        5
                      </p>
                    </div>
                    <p
                      class="clock-label"
                    >
                      Secs
                    </p>
                  </div>
                </div>
                <p
                  id="bottom-title-roboto"
                >
                  UNTIL DROP
                </p>
              </div>
            </div>
          </div>
        </div>
      </section>
    </div>
  </body>,
  "container": <div>
    <section
      class="hero is-fullheight is-default"
    >
      <div
        class="hero-head head-mobile"
      >
        <nav
          class="navbar"
        >
          <div
            class="container"
          >
            <div
              class="navbar-end navbar-end-force"
            >
              <a
                class="navbar-item navbar-item-drop"
              >
                <div
                  class="columns drop-zone"
                >
                  <div
                    class="column drop-content"
                    id="rohza-text"
                  >
                    Drop
                  </div>
                  <div
                    class="column drop-content drop-content-end"
                    id="rohza-text"
                  >
                    Zone
                  </div>
                </div>
              </a>
            </div>
          </div>
        </nav>
      </div>
      <div
        class="hero-body"
      >
        <div
          class="container has-text-centered"
        >
          <div
            class="columns is-vcentered"
          >
            <div
              class="column is-5"
            />
            <div
              class="column is-6 is-offset-1"
            >
              <h1
                class="title is-2"
                id="title-roboto"
              >
                LEEZY BOOST 103
              </h1>
              <div
                class="container clock-container"
              >
                <div
                  class="clock-column"
                >
                  <div
                    class="clock-count"
                  >
                    <p
                      class="clock-day clock-timer"
                    >
                      1
                    </p>
                    <p
                      class="clock-day clock-timer"
                    >
                      3
                    </p>
                  </div>
                  <p
                    class="clock-label"
                  >
                    Days
                  </p>
                </div>
                <div
                  class="clock-column"
                >
                  <div
                    class="clock-count"
                  >
                    <p
                      class="clock-hours clock-timer"
                    >
                      0
                    </p>
                    <p
                      class="clock-hours clock-timer"
                    >
                      8
                    </p>
                  </div>
                  <p
                    class="clock-label"
                  >
                    Hours
                  </p>
                </div>
                <div
                  class="clock-column"
                >
                  <div
                    class="clock-count"
                  >
                    <p
                      class="clock-minutes clock-timer"
                    >
                      1
                    </p>
                    <p
                      class="clock-minutes clock-timer"
                    >
                      2
                    </p>
                  </div>
                  <p
                    class="clock-label"
                  >
                    Mins
                  </p>
                </div>
                <div
                  class="clock-column"
                >
                  <div
                    class="clock-count"
                  >
                    <p
                      class="clock-seconds clock-timer"
                    >
                      0
                    </p>
                    <p
                      class="clock-seconds clock-timer"
                    >
                      5
                    </p>
                  </div>
                  <p
                    class="clock-label"
                  >
                    Secs
                  </p>
                </div>
              </div>
              <p
                id="bottom-title-roboto"
              >
                UNTIL DROP
              </p>
            </div>
          </div>
        </div>
      </div>
    </section>
  </div>,
  "debug": [Function],
  "findAllByAltText": [Function],
  "findAllByDisplayValue": [Function],
  "findAllByLabelText": [Function],
  "findAllByPlaceholderText": [Function],
  "findAllByRole": [Function],
  "findAllByTestId": [Function],
  "findAllByText": [Function],
  "findAllByTitle": [Function],
  "findByAltText": [Function],
  "findByDisplayValue": [Function],
  "findByLabelText": [Function],
  "findByPlaceholderText": [Function],
  "findByRole": [Function],
  "findByTestId": [Function],
  "findByText": [Function],
  "findByTitle": [Function],
  "getAllByAltText": [Function],
  "getAllByDisplayValue": [Function],
  "getAllByLabelText": [Function],
  "getAllByPlaceholderText": [Function],
  "getAllByRole": [Function],
  "getAllByTestId": [Function],
  "getAllByText": [Function],
  "getAllByTitle": [Function],
  "getByAltText": [Function],
  "getByDisplayValue": [Function],
  "getByLabelText": [Function],
  "getByPlaceholderText": [Function],
  "getByRole": [Function],
  "getByTestId": [Function],
  "getByText": [Function],
  "getByTitle": [Function],
  "queryAllByAltText": [Function],
  "queryAllByDisplayValue": [Function],
  "queryAllByLabelText": [Function],
  "queryAllByPlaceholderText": [Function],
  "queryAllByRole": [Function],
  "queryAllByTestId": [Function],
  "queryAllByText": [Function],
  "queryAllByTitle": [Function],
  "queryByAltText": [Function],
  "queryByDisplayValue": [Function],
  "queryByLabelText": [Function],
  "queryByPlaceholderText": [Function],
  "queryByRole": [Function],
  "queryByTestId": [Function],
  "queryByText": [Function],
  "queryByTitle": [Function],
  "rerender": [Function],
  "unmount": [Function],
}
`;
