// Jest Snapshot v1, https://goo.gl/fbAQLP

exports[`Countdown Tests should render component 1`] = `
Object {
  "asFragment": [Function],
  "baseElement": <body>
    <div>
      <div
        class="container clock-container"
      >
        <div
          class="clock-column"
        >
          <div
            class="clock-count"
          >
            <p
              class="clock-day clock-timer"
            >
              1
            </p>
            <p
              class="clock-day clock-timer"
            >
              3
            </p>
          </div>
          <p
            class="clock-label"
          >
            Days
          </p>
        </div>
        <div
          class="clock-column"
        >
          <div
            class="clock-count"
          >
            <p
              class="clock-hours clock-timer"
            >
              0
            </p>
            <p
              class="clock-hours clock-timer"
            >
              8
            </p>
          </div>
          <p
            class="clock-label"
          >
            Hours
          </p>
        </div>
        <div
          class="clock-column"
        >
          <div
            class="clock-count"
          >
            <p
              class="clock-minutes clock-timer"
            >
              1
            </p>
            <p
              class="clock-minutes clock-timer"
            >
              2
            </p>
          </div>
          <p
            class="clock-label"
          >
            Mins
          </p>
        </div>
        <div
          class="clock-column"
        >
          <div
            class="clock-count"
          >
            <p
              class="clock-seconds clock-timer"
            >
              0
            </p>
            <p
              class="clock-seconds clock-timer"
            >
              5
            </p>
          </div>
          <p
            class="clock-label"
          >
            Secs
          </p>
        </div>
      </div>
    </div>
  </body>,
  "container": <div>
    <div
      class="container clock-container"
    >
      <div
        class="clock-column"
      >
        <div
          class="clock-count"
        >
          <p
            class="clock-day clock-timer"
          >
            1
          </p>
          <p
            class="clock-day clock-timer"
          >
            3
          </p>
        </div>
        <p
          class="clock-label"
        >
          Days
        </p>
      </div>
      <div
        class="clock-column"
      >
        <div
          class="clock-count"
        >
          <p
            class="clock-hours clock-timer"
          >
            0
          </p>
          <p
            class="clock-hours clock-timer"
          >
            8
          </p>
        </div>
        <p
          class="clock-label"
        >
          Hours
        </p>
      </div>
      <div
        class="clock-column"
      >
        <div
          class="clock-count"
        >
          <p
            class="clock-minutes clock-timer"
          >
            1
          </p>
          <p
            class="clock-minutes clock-timer"
          >
            2
          </p>
        </div>
        <p
          class="clock-label"
        >
          Mins
        </p>
      </div>
      <div
        class="clock-column"
      >
        <div
          class="clock-count"
        >
          <p
            class="clock-seconds clock-timer"
          >
            0
          </p>
          <p
            class="clock-seconds clock-timer"
          >
            5
          </p>
        </div>
        <p
          class="clock-label"
        >
          Secs
        </p>
      </div>
    </div>
  </div>,
  "debug": [Function],
  "findAllByAltText": [Function],
  "findAllByDisplayValue": [Function],
  "findAllByLabelText": [Function],
  "findAllByPlaceholderText": [Function],
  "findAllByRole": [Function],
  "findAllByTestId": [Function],
  "findAllByText": [Function],
  "findAllByTitle": [Function],
  "findByAltText": [Function],
  "findByDisplayValue": [Function],
  "findByLabelText": [Function],
  "findByPlaceholderText": [Function],
  "findByRole": [Function],
  "findByTestId": [Function],
  "findByText": [Function],
  "findByTitle": [Function],
  "getAllByAltText": [Function],
  "getAllByDisplayValue": [Function],
  "getAllByLabelText": [Function],
  "getAllByPlaceholderText": [Function],
  "getAllByRole": [Function],
  "getAllByTestId": [Function],
  "getAllByText": [Function],
  "getAllByTitle": [Function],
  "getByAltText": [Function],
  "getByDisplayValue": [Function],
  "getByLabelText": [Function],
  "getByPlaceholderText": [Function],
  "getByRole": [Function],
  "getByTestId": [Function],
  "getByText": [Function],
  "getByTitle": [Function],
  "queryAllByAltText": [Function],
  "queryAllByDisplayValue": [Function],
  "queryAllByLabelText": [Function],
  "queryAllByPlaceholderText": [Function],
  "queryAllByRole": [Function],
  "queryAllByTestId": [Function],
  "queryAllByText": [Function],
  "queryAllByTitle": [Function],
  "queryByAltText": [Function],
  "queryByDisplayValue": [Function],
  "queryByLabelText": [Function],
  "queryByPlaceholderText": [Function],
  "queryByRole": [Function],
  "queryByTestId": [Function],
  "queryByText": [Function],
  "queryByTitle": [Function],
  "rerender": [Function],
  "unmount": [Function],
}
`;
